// Jest Snapshot v1, https://goo.gl/fbAQLP

exports[`expect to render CounterButton component 1`] = `ShallowWrapper {}`;
